
<ul>
 <li>1th item</li>  <li>2th item</li>  <li>3th item</li>  <li>4th item</li>  <li>5th item</li>  <li>6th item</li>  <li>7th item</li>  <li>8th item</li>  <li>9th item</li>  <li>10th item</li> 
</ul>
