desrever eb dluohs txet siht
more normal text here....
blah blah. now we should see a bracketed copy of everything so far:
[[
desrever eb dluohs txet siht
more normal text here....
blah blah. now we should see a bracketed copy of everything so far:

]]
more end text, after the brackets
